// Jest Snapshot v1, https://goo.gl/fbAQLP

exports[`Component Testing OmniAural Hooks Hook is created with the correct value 1`] = `
<div>
  <div>
    Linus
  </div>
  <div>
    Randolph in New York
  </div>
  <div>
    Works in Chicago
  </div>
</div>
`;

exports[`Component Testing OmniAural Hooks Hook is updated when nested object is deleted 1`] = `
<div>
  <div>
    Evan
  </div>
  <div>
    undefined in New York
  </div>
  <div>
    Works in Chicago
  </div>
</div>
`;

exports[`Component Testing OmniAural Hooks Hook is updated when nested value is deleted 1`] = `
<div>
  <div>
    Evan
  </div>
  <div>
    State in New York
  </div>
  <div>
    Works in Chicago
  </div>
</div>
`;

exports[`Component Testing OmniAural Hooks Hook is updated with the correct nested value 1`] = `
<div>
  <div>
    Evan
  </div>
  <div>
    Randolph in New York
  </div>
  <div>
    Works in Chicago
  </div>
</div>
`;

exports[`Component Testing OmniAural Hooks Hook is updated with the correct nested value 2`] = `
<div>
  <div>
    Evan
  </div>
  <div>
    Clark in New York
  </div>
  <div>
    Works in Chicago
  </div>
</div>
`;

exports[`Component Testing OmniAural Hooks Hook is updated with the correct value 1`] = `
<div>
  <div>
    Linus
  </div>
  <div>
    Randolph in New York
  </div>
  <div>
    Works in Chicago
  </div>
</div>
`;

exports[`Component Testing The Class Component should register and contain the account name on initialization 1`] = `
<div
  onClick={[Function]}
>
  <div>
    Josh
  </div>
  <div>
    State
  </div>
  <div
    onClick={[Function]}
  />
  <div>
    State
  </div>
  <div>
    Josh
  </div>
  <div
    onClick={[Function]}
  >
    Josh
  </div>
  <div
    onClick={[Function]}
  >
    Josh
  </div>
  <div
    onClick={[Function]}
  >
    Josh
  </div>
  <div
    onClick={[Function]}
  >
    Small Description
  </div>
  <div
    onClick={[Function]}
  >
    Small Description
  </div>
  <div
    onClick={[Function]}
  >
    Test
  </div>
  <div />
</div>
`;

exports[`Component Testing The Class Component should register and contain the address street on initialization using an alias 1`] = `
<div
  onClick={[Function]}
>
  <div>
    Josh
  </div>
  <div>
    State
  </div>
  <div
    onClick={[Function]}
  />
  <div>
    State
  </div>
  <div>
    Josh
  </div>
  <div
    onClick={[Function]}
  >
    Josh
  </div>
  <div
    onClick={[Function]}
  >
    Josh
  </div>
  <div
    onClick={[Function]}
  >
    Josh
  </div>
  <div
    onClick={[Function]}
  >
    Small Description
  </div>
  <div
    onClick={[Function]}
  >
    Small Description
  </div>
  <div
    onClick={[Function]}
  >
    Test
  </div>
  <div />
</div>
`;

exports[`Component Testing The Class Component should register and contain the phone number on initialization 1`] = `
<div>
  <div>
    1234567890
  </div>
</div>
`;

exports[`Component Testing The Functional Component should be registered through the high order function 1`] = `
<div>
  <div>
    Dev mode: true
  </div>
  <div>
    Michael
  </div>
</div>
`;
